// Jest Snapshot v1, https://goo.gl/fbAQLP

exports[`Gallery component renders Gallery 1`] = `
<ul
  className="Gallery"
>
  <li
    key="0"
  >
    <img
      alt="Alex Krycek"
      src="https://vignette.wikia.nocookie.net/x-files/images/6/6f/Kr.jpg/revision/latest?cb=20140201153811"
    />
    <h3>
      Alex Krycek
    </h3>
    <p>
      Alex Krycek (played by Nicholas Lea) was an operative for the Syndicate and briefly a Special Agent within the FBI.
    </p>
  </li>
  <li
    key="1"
  >
    <img
      alt="Alvin Kersh"
      src="https://vignette.wikia.nocookie.net/x-files/images/2/29/Alvin_Kersh_X_Files_Season_11.png/revision/latest/scale-to-width-down/310?cb=20180203223926"
    />
    <h3>
      Alvin Kersh
    </h3>
    <p>
      Alvin Kersh (played by James Pickens, Jr.) was an Assistant Director of the FBI.
    </p>
  </li>
</ul>
`;
